nohup: ignoring input
Dual-engine assets successfully generated and logged.
--- Autonomous System Evaluation ---
Total Logged Pipeline Executions: 7
Successful Dual-Engine Cycles: 3
Evolution Parameter Updated: Target asset batch size scaled to 6 units.
Optimization cycle complete and logged.
Step 1: Executing Dual-Engine Generation...

Step 2: Executing Autonomous Optimization...

Full autonomous cycle completed successfully.
Dual-engine assets successfully generated and logged.
--- Autonomous System Evaluation ---
Total Logged Pipeline Executions: 9
Successful Dual-Engine Cycles: 4
Evolution Parameter Updated: Target asset batch size scaled to 8 units.
Optimization cycle complete and logged.
Step 1: Executing Dual-Engine Generation...

Step 2: Executing Autonomous Optimization...

Full autonomous cycle completed successfully.
Dual-engine assets successfully generated and logged.
--- Autonomous System Evaluation ---
Total Logged Pipeline Executions: 11
Successful Dual-Engine Cycles: 5
Evolution Parameter Updated: Target asset batch size scaled to 10 units.
Optimization cycle complete and logged.
Step 1: Executing Dual-Engine Generation...

Step 2: Executing Autonomous Optimization...

Full autonomous cycle completed successfully.
Dual-engine assets successfully generated and logged.
--- Autonomous System Evaluation ---
Total Logged Pipeline Executions: 14
Successful Dual-Engine Cycles: 6
Evolution Parameter Updated: Target asset batch size scaled to 12 units.
Optimization cycle complete and logged.
Step 1: Executing Dual-Engine Generation...

Step 2: Executing Autonomous Optimization...

Full autonomous cycle completed successfully.
Dual-engine assets successfully generated and logged.
--- Autonomous System Evaluation ---
Total Logged Pipeline Executions: 16
Successful Dual-Engine Cycles: 7
Evolution Parameter Updated: Target asset batch size scaled to 14 units.
Optimization cycle complete and logged.
Step 1: Executing Dual-Engine Generation...

Step 2: Executing Autonomous Optimization...

Full autonomous cycle completed successfully.
Dual-engine assets successfully generated and logged.
--- Autonomous System Evaluation ---
Total Logged Pipeline Executions: 18
Successful Dual-Engine Cycles: 8
Evolution Parameter Updated: Target asset batch size scaled to 16 units.
Optimization cycle complete and logged.
Step 1: Executing Dual-Engine Generation...

Step 2: Executing Autonomous Optimization...

Full autonomous cycle completed successfully.
Dynamic dual-engine assets successfully generated: auto_utility_327.py, guide_template_327.md
--- Autonomous System Evaluation ---
Total Logged Pipeline Executions: 21
Successful Dual-Engine Cycles: 8
Evolution Parameter Updated: Target asset batch size scaled to 16 units.
Optimization cycle complete and logged.
Step 1: Executing Dual-Engine Generation...

Step 2: Executing Autonomous Optimization...

Full autonomous cycle completed successfully.
Dynamic dual-engine assets successfully generated: auto_utility_808.py, guide_template_808.md
--- Autonomous System Evaluation ---
Total Logged Pipeline Executions: 23
Successful Dual-Engine Cycles: 8
Evolution Parameter Updated: Target asset batch size scaled to 16 units.
Optimization cycle complete and logged.
Step 1: Executing Dual-Engine Generation...

Step 2: Executing Autonomous Optimization...

Full autonomous cycle completed successfully.
Dynamic dual-engine assets successfully generated: auto_utility_382.py, guide_template_382.md
--- Autonomous System Evaluation ---
Total Logged Pipeline Executions: 25
Successful Dual-Engine Cycles: 8
Evolution Parameter Updated: Target asset batch size scaled to 16 units.
Optimization cycle complete and logged.
Step 1: Executing Dual-Engine Generation...

Step 2: Executing Autonomous Optimization...

Full autonomous cycle completed successfully.
Dynamic dual-engine assets successfully generated: auto_utility_659.py, guide_template_659.md
--- Autonomous System Evaluation ---
Total Logged Pipeline Executions: 27
Successful Dual-Engine Cycles: 8
Evolution Parameter Updated: Target asset batch size scaled to 16 units.
Optimization cycle complete and logged.
Step 1: Executing Dual-Engine Generation...

Step 2: Executing Autonomous Optimization...

Full autonomous cycle completed successfully.
Dynamic dual-engine assets successfully generated: auto_utility_342.py, guide_template_342.md
--- Autonomous System Evaluation ---
Total Logged Pipeline Executions: 29
Successful Dual-Engine Cycles: 8
Evolution Parameter Updated: Target asset batch size scaled to 16 units.
Optimization cycle complete and logged.
Step 1: Executing Dual-Engine Generation...

Step 2: Executing Autonomous Optimization...

Full autonomous cycle completed successfully.
--- Starting Unified Master Cycle ---
Executing dual_engine_generator.py...
Successfully completed dual_engine_generator.py
Metrics updated: total_runs=34, evolution_factor=68
Executing distributor.py...
Successfully completed distributor.py
Executing publisher.py...
Successfully completed publisher.py
--- Unified Master Cycle Complete ---

--- Starting Unified Master Cycle ---
Executing dual_engine_generator.py...
Successfully completed dual_engine_generator.py
Metrics updated: total_runs=37, evolution_factor=74
Executing distributor.py...
Successfully completed distributor.py
Executing publisher.py...
Successfully completed publisher.py
--- Unified Master Cycle Complete ---

--- Starting Unified Master Cycle ---
Executing dual_engine_generator.py...
Successfully completed dual_engine_generator.py
Metrics updated: total_runs=40, evolution_factor=80
Executing distributor.py...
Successfully completed distributor.py
Executing publisher.py...
Successfully completed publisher.py
--- Unified Master Cycle Complete ---

--- Starting Unified Master Cycle ---
Executing dual_engine_generator.py...
Successfully completed dual_engine_generator.py
Metrics updated: total_runs=43, evolution_factor=86
Executing distributor.py...
Successfully completed distributor.py
Executing publisher.py...
Successfully completed publisher.py
--- Unified Master Cycle Complete ---

--- Starting Unified Master Cycle ---
Executing dual_engine_generator.py...
Successfully completed dual_engine_generator.py
Metrics updated: total_runs=46, evolution_factor=92
Executing distributor.py...
Successfully completed distributor.py
Executing publisher.py...
Successfully completed publisher.py
--- Unified Master Cycle Complete ---

--- Starting Unified Master Cycle ---
Executing dual_engine_generator.py...
Successfully completed dual_engine_generator.py
Metrics updated: total_runs=49, evolution_factor=98
Executing distributor.py...
Successfully completed distributor.py
Executing publisher.py...
Successfully completed publisher.py
--- Unified Master Cycle Complete ---

--- Starting Unified Master Cycle ---
Executing dual_engine_generator.py...
Successfully completed dual_engine_generator.py
Metrics updated: total_runs=52, evolution_factor=104
Executing distributor.py...
Successfully completed distributor.py
Executing publisher.py...
Successfully completed publisher.py
--- Unified Master Cycle Complete ---

--- Starting Unified Master Cycle ---
Executing dual_engine_generator.py...
Successfully completed dual_engine_generator.py
Metrics updated: total_runs=55, evolution_factor=110
Executing distributor.py...
Successfully completed distributor.py
Executing publisher.py...
Successfully completed publisher.py
--- Unified Master Cycle Complete ---

--- Starting Unified Master Cycle ---
Executing dual_engine_generator.py...
Successfully completed dual_engine_generator.py
Metrics updated: total_runs=58, evolution_factor=116
Executing distributor.py...
Successfully completed distributor.py
Executing publisher.py...
Successfully completed publisher.py
--- Unified Master Cycle Complete ---

--- Starting Unified Master Cycle ---
Executing dual_engine_generator.py...
Successfully completed dual_engine_generator.py
Metrics updated: total_runs=61, evolution_factor=122
Executing distributor.py...
Successfully completed distributor.py
Executing publisher.py...
Successfully completed publisher.py
--- Unified Master Cycle Complete ---

--- Starting Unified Master Cycle ---
Executing dual_engine_generator.py...
Successfully completed dual_engine_generator.py
Metrics updated: total_runs=64, evolution_factor=128
Executing distributor.py...
Successfully completed distributor.py
Executing publisher.py...
Successfully completed publisher.py
--- Unified Master Cycle Complete ---

--- Starting Unified Master Cycle ---
Executing dual_engine_generator.py...
Successfully completed dual_engine_generator.py
Metrics updated: total_runs=67, evolution_factor=134
Executing distributor.py...
Successfully completed distributor.py
Executing publisher.py...
Successfully completed publisher.py
--- Unified Master Cycle Complete ---

--- Starting Unified Master Cycle ---
Executing dual_engine_generator.py...
Successfully completed dual_engine_generator.py
Metrics updated: total_runs=70, evolution_factor=140
Executing distributor.py...
Successfully completed distributor.py
Executing publisher.py...
Successfully completed publisher.py
--- Unified Master Cycle Complete ---

--- Starting Unified Master Cycle ---
Executing dual_engine_generator.py...
Successfully completed dual_engine_generator.py
Metrics updated: total_runs=73, evolution_factor=146
Executing distributor.py...
Successfully completed distributor.py
Executing publisher.py...
Successfully completed publisher.py
--- Unified Master Cycle Complete ---

--- Starting Unified Master Cycle ---
Executing dual_engine_generator.py...
Successfully completed dual_engine_generator.py
Metrics updated: total_runs=76, evolution_factor=152
Executing distributor.py...
Successfully completed distributor.py
Executing publisher.py...
Successfully completed publisher.py
--- Unified Master Cycle Complete ---

--- Starting Unified Master Cycle ---
Executing dual_engine_generator.py...
Successfully completed dual_engine_generator.py
Metrics updated: total_runs=79, evolution_factor=158
Executing distributor.py...
Successfully completed distributor.py
Executing publisher.py...
Successfully completed publisher.py
--- Unified Master Cycle Complete ---

--- Starting Unified Master Cycle ---
Executing dual_engine_generator.py...
Successfully completed dual_engine_generator.py
Metrics updated: total_runs=82, evolution_factor=164
Executing distributor.py...
Successfully completed distributor.py
Executing publisher.py...
Successfully completed publisher.py
--- Unified Master Cycle Complete ---

--- Starting Unified Master Cycle ---
Executing dual_engine_generator.py...
Successfully completed dual_engine_generator.py
Metrics updated: total_runs=85, evolution_factor=170
Executing distributor.py...
Successfully completed distributor.py
Executing publisher.py...
Successfully completed publisher.py
--- Unified Master Cycle Complete ---

--- Starting Unified Master Cycle ---
Executing dual_engine_generator.py...
Successfully completed dual_engine_generator.py
Metrics updated: total_runs=88, evolution_factor=176
Executing distributor.py...
Successfully completed distributor.py
Executing publisher.py...
Successfully completed publisher.py
--- Unified Master Cycle Complete ---

--- Starting Unified Master Cycle ---
Executing dual_engine_generator.py...
Successfully completed dual_engine_generator.py
Metrics updated: total_runs=91, evolution_factor=182
Executing distributor.py...
Successfully completed distributor.py
Executing publisher.py...
Successfully completed publisher.py
--- Unified Master Cycle Complete ---

--- Starting Unified Master Cycle ---
Executing dual_engine_generator.py...
Successfully completed dual_engine_generator.py
Metrics updated: total_runs=94, evolution_factor=188
Executing distributor.py...
Successfully completed distributor.py
Executing publisher.py...
Successfully completed publisher.py
--- Unified Master Cycle Complete ---

--- Starting Unified Master Cycle ---
Executing dual_engine_generator.py...
Successfully completed dual_engine_generator.py
Metrics updated: total_runs=100, evolution_factor=200
Executing distributor.py...
Successfully completed distributor.py
Executing publisher.py...
Successfully completed publisher.py
--- Unified Master Cycle Complete ---

--- Starting Unified Master Cycle ---
Executing dual_engine_generator.py...
Successfully completed dual_engine_generator.py
Metrics updated: total_runs=115, evolution_factor=230
Executing distributor.py...
Successfully completed distributor.py
Executing publisher.py...
Successfully completed publisher.py
--- Unified Master Cycle Complete ---

--- Starting Unified Master Cycle ---
Executing dual_engine_generator.py...
Successfully completed dual_engine_generator.py
Metrics updated: total_runs=130, evolution_factor=260
Executing distributor.py...
Successfully completed distributor.py
Executing publisher.py...
Successfully completed publisher.py
--- Unified Master Cycle Complete ---

--- Starting Unified Master Cycle ---
Executing dual_engine_generator.py...
Successfully completed dual_engine_generator.py
Metrics updated: total_runs=145, evolution_factor=290
Executing distributor.py...
Successfully completed distributor.py
Executing publisher.py...
Successfully completed publisher.py
--- Unified Master Cycle Complete ---

--- Starting Unified Master Cycle ---
Executing dual_engine_generator.py...
Successfully completed dual_engine_generator.py
Metrics updated: total_runs=157, evolution_factor=314
Executing distributor.py...
Successfully completed distributor.py
Executing publisher.py...
Successfully completed publisher.py
--- Unified Master Cycle Complete ---

--- Starting Unified Master Cycle ---
Executing dual_engine_generator.py...
Successfully completed dual_engine_generator.py
Metrics updated: total_runs=172, evolution_factor=344
Executing distributor.py...
Successfully completed distributor.py
Executing publisher.py...
Successfully completed publisher.py
--- Unified Master Cycle Complete ---

--- Starting Unified Master Cycle ---
Executing dual_engine_generator.py...
Successfully completed dual_engine_generator.py
Metrics updated: total_runs=184, evolution_factor=368
Executing distributor.py...
Successfully completed distributor.py
Executing publisher.py...
Successfully completed publisher.py
--- Unified Master Cycle Complete ---

--- Starting Unified Master Cycle ---
Executing dual_engine_generator.py...
Successfully completed dual_engine_generator.py
Metrics updated: total_runs=187, evolution_factor=374
Executing distributor.py...
Successfully completed distributor.py
Executing publisher.py...
Successfully completed publisher.py
--- Unified Master Cycle Complete ---

--- Starting Unified Master Cycle ---
Executing dual_engine_generator.py...
Successfully completed dual_engine_generator.py
Metrics updated: total_runs=190, evolution_factor=380
Executing distributor.py...
Successfully completed distributor.py
Executing publisher.py...
Successfully completed publisher.py
--- Unified Master Cycle Complete ---

--- Starting Unified Master Cycle ---
Executing dual_engine_generator.py...
Successfully completed dual_engine_generator.py
Metrics updated: total_runs=193, evolution_factor=386
Executing distributor.py...
Successfully completed distributor.py
Executing publisher.py...
Successfully completed publisher.py
--- Unified Master Cycle Complete ---

--- Starting Unified Master Cycle ---
Executing dual_engine_generator.py...
Successfully completed dual_engine_generator.py
Metrics updated: total_runs=196, evolution_factor=392
Executing distributor.py...
Successfully completed distributor.py
Executing publisher.py...
Successfully completed publisher.py
--- Unified Master Cycle Complete ---

